.\gradlew :  
At line:1 char:1
+ .\gradlew 
compileDebugKotlin > 
build_output.txt 2>&1
+ ~~~~~~~~~~~~~~~~~~~~
~~~~~~~~~~~~~~~~~~~~~~
~~~~~~~~~~
    + CategoryInfo    
          : NotSpeci  
  fied: ( :String)    
 [], RemoteExcepti    
on
    + FullyQualifiedE 
   rrorId : NativeCo  
  mmandError
 
ERROR: JAVA_HOME is 
not set and no 'java' 
command could be 
found in your PATH. 
 
Please set the 
JAVA_HOME variable in 
your environment to 
match the 
location of your Java 
installation. 
